// Jest Snapshot v1, https://goo.gl/fbAQLP

exports[`<ForgotPassword /> renders without crashing 1`] = `ShallowWrapper {}`;
