// Jest Snapshot v1, https://goo.gl/fbAQLP

exports[`<CurrentInventoryRow /> should  match the snapshot 1`] = `ShallowWrapper {}`;
