// Jest Snapshot v1, https://goo.gl/fbAQLP

exports[`<EndingInventoryRow /> should  match the snapshot 1`] = `ShallowWrapper {}`;
