// Jest Snapshot v1, https://goo.gl/fbAQLP

exports[`<WorkOrderHistoryDate /> should render correctly with props 1`] = `ShallowWrapper {}`;
